<dynamic>
    <static>This is a static node</static>
<dynamic>This is dynamic content from the root</dynamic>
</dynamic>