{
  "static": "this is static",
  "dynamic": "This is dynamic content from the root!"
}
